{
  "manifest": {
    "timestamp_utc": "20260827T175523Z",
    "source_revision": "b20deeb5a44698ca3aee25fbcc44f9e9a74ba08f",
    "game": "chess",
    "model": {
      "path": "/workspace/benchmark-inputs/v9-zero-12x128.jit.pt",
      "sha256": "dc555d1b09bffc7f6489c6bdc4cfcdfb4c3e55040c5fd3747be27dbc0937e214"
    },
    "run_config": "/workspace/alphazero-engine/py/configs/validation/vast-chess-4day-production-v9.yaml",
    "topology": {
      "gpu_count": 1,
      "processes_per_gpu": 4,
      "parallel_games_per_process": 512,
      "total_parallel_games": 2048,
      "pin_workers_to_cpus": false,
      "cpus_per_process": 4
    },
    "workload": {
      "generation": 0,
      "warmup_batches": 2,
      "duration_seconds": 10
    },
    "inference_overrides": {
      "precision": null,
      "memory_format": null,
      "cudnn_benchmark": null
    }
  },
  "measurement": {
    "makespan_seconds": 13.05624321103096,
    "searches_completed": 1191299,
    "searches_per_second": 91243.62810532628,
    "completed_games": 1,
    "search_batches": 12
  },
  "inference": {
    "evaluations": 1185187,
    "model_calls": 3720,
    "model_positions": 1185187,
    "average_batch_size": 318.5986559139785
  },
  "resources": {
    "aggregate_process_cpu_percent": 195.78388295542067,
    "summed_peak_rss_mib": 5874.56640625
  },
  "workers": [
    {
      "completed_games": 0,
      "cudnn_benchmark": false,
      "device_id": 0,
      "elapsed_seconds": 12.83179443795234,
      "experiment_configuration_sha256": "37a17001b1d26811732b73f114e9bfae729653f6968c56cd4160bdedb705a09f",
      "game": "chess",
      "inference_average_batch_size": 318.752688172043,
      "inference_batch_size": 320,
      "inference_batch_size_distribution": [
        {
          "batch_size": 24,
          "calls": 1
        },
        {
          "batch_size": 40,
          "calls": 1
        },
        {
          "batch_size": 100,
          "calls": 1
        },
        {
          "batch_size": 175,
          "calls": 1
        },
        {
          "batch_size": 181,
          "calls": 1
        },
        {
          "batch_size": 264,
          "calls": 1
        },
        {
          "batch_size": 308,
          "calls": 2
        },
        {
          "batch_size": 320,
          "calls": 922
        }
      ],
      "inference_device": "cuda",
      "inference_evaluations": 296440,
      "inference_model_calls": 930,
      "inference_model_positions": 296440,
      "inference_workers": 1,
      "memory_format": "contiguous",
      "model_generation": 0,
      "outstanding_batches_per_worker": 2,
      "parallel_games": 512,
      "parallel_searches": 2,
      "peak_rss_mib": 1468.00390625,
      "precision": "bfloat16",
      "process_cpu_percent": 47.79034956999033,
      "process_id": 8565,
      "search_batches": 3,
      "searches_completed": 297960,
      "searches_per_second": 23220.446792595874,
      "warmup_batches": 2,
      "worker_id": 0
    },
    {
      "completed_games": 0,
      "cudnn_benchmark": false,
      "device_id": 0,
      "elapsed_seconds": 13.05624321103096,
      "experiment_configuration_sha256": "37a17001b1d26811732b73f114e9bfae729653f6968c56cd4160bdedb705a09f",
      "game": "chess",
      "inference_average_batch_size": 318.5430107526882,
      "inference_batch_size": 320,
      "inference_batch_size_distribution": [
        {
          "batch_size": 1,
          "calls": 1
        },
        {
          "batch_size": 42,
          "calls": 1
        },
        {
          "batch_size": 44,
          "calls": 1
        },
        {
          "batch_size": 64,
          "calls": 1
        },
        {
          "batch_size": 213,
          "calls": 1
        },
        {
          "batch_size": 249,
          "calls": 1
        },
        {
          "batch_size": 272,
          "calls": 1
        },
        {
          "batch_size": 320,
          "calls": 923
        }
      ],
      "inference_device": "cuda",
      "inference_evaluations": 296245,
      "inference_model_calls": 930,
      "inference_model_positions": 296245,
      "inference_workers": 1,
      "memory_format": "contiguous",
      "model_generation": 0,
      "outstanding_batches_per_worker": 2,
      "parallel_games": 512,
      "parallel_searches": 2,
      "peak_rss_mib": 1469.91796875,
      "precision": "bfloat16",
      "process_cpu_percent": 51.78715212111997,
      "process_id": 8566,
      "search_batches": 3,
      "searches_completed": 297786,
      "searches_per_second": 22807.9390975504,
      "warmup_batches": 2,
      "worker_id": 1
    },
    {
      "completed_games": 1,
      "cudnn_benchmark": false,
      "device_id": 0,
      "elapsed_seconds": 12.902314766310155,
      "experiment_configuration_sha256": "37a17001b1d26811732b73f114e9bfae729653f6968c56cd4160bdedb705a09f",
      "game": "chess",
      "inference_average_batch_size": 318.5537634408602,
      "inference_batch_size": 320,
      "inference_batch_size_distribution": [
        {
          "batch_size": 8,
          "calls": 1
        },
        {
          "batch_size": 36,
          "calls": 1
        },
        {
          "batch_size": 58,
          "calls": 1
        },
        {
          "batch_size": 73,
          "calls": 1
        },
        {
          "batch_size": 219,
          "calls": 1
        },
        {
          "batch_size": 233,
          "calls": 1
        },
        {
          "batch_size": 268,
          "calls": 1
        },
        {
          "batch_size": 320,
          "calls": 923
        }
      ],
      "inference_device": "cuda",
      "inference_evaluations": 296255,
      "inference_model_calls": 930,
      "inference_model_positions": 296255,
      "inference_workers": 1,
      "memory_format": "contiguous",
      "model_generation": 0,
      "outstanding_batches_per_worker": 2,
      "parallel_games": 512,
      "parallel_searches": 2,
      "peak_rss_mib": 1467.05078125,
      "precision": "bfloat16",
      "process_cpu_percent": 46.48286882335257,
      "process_id": 8567,
      "search_batches": 3,
      "searches_completed": 297694,
      "searches_per_second": 23072.914077195117,
      "warmup_batches": 2,
      "worker_id": 2
    },
    {
      "completed_games": 0,
      "cudnn_benchmark": false,
      "device_id": 0,
      "elapsed_seconds": 12.822073065675795,
      "experiment_configuration_sha256": "37a17001b1d26811732b73f114e9bfae729653f6968c56cd4160bdedb705a09f",
      "game": "chess",
      "inference_average_batch_size": 318.5451612903226,
      "inference_batch_size": 320,
      "inference_batch_size_distribution": [
        {
          "batch_size": 1,
          "calls": 1
        },
        {
          "batch_size": 18,
          "calls": 1
        },
        {
          "batch_size": 49,
          "calls": 1
        },
        {
          "batch_size": 103,
          "calls": 1
        },
        {
          "batch_size": 209,
          "calls": 1
        },
        {
          "batch_size": 268,
          "calls": 1
        },
        {
          "batch_size": 276,
          "calls": 1
        },
        {
          "batch_size": 283,
          "calls": 1
        },
        {
          "batch_size": 320,
          "calls": 922
        }
      ],
      "inference_device": "cuda",
      "inference_evaluations": 296247,
      "inference_model_calls": 930,
      "inference_model_positions": 296247,
      "inference_workers": 1,
      "memory_format": "contiguous",
      "model_generation": 0,
      "outstanding_batches_per_worker": 2,
      "parallel_games": 512,
      "parallel_searches": 2,
      "peak_rss_mib": 1469.59375,
      "precision": "bfloat16",
      "process_cpu_percent": 49.72351244095779,
      "process_id": 8568,
      "search_batches": 3,
      "searches_completed": 297859,
      "searches_per_second": 23230.17490809324,
      "warmup_batches": 2,
      "worker_id": 3
    }
  ]
}
/workspace/benchmark-results/selfplay-baseline-smoke/self-play-search-chess-gpus1-processes4-games512-10s-20260827T175523Z
