{
  "manifest": {
    "timestamp_utc": "20260827T180153Z",
    "source_revision": "b20deeb5a44698ca3aee25fbcc44f9e9a74ba08f",
    "game": "chess",
    "model": {
      "path": "/workspace/benchmark-inputs/v9-zero-12x128.jit.pt",
      "sha256": "dc555d1b09bffc7f6489c6bdc4cfcdfb4c3e55040c5fd3747be27dbc0937e214"
    },
    "run_config": "/workspace/alphazero-engine/py/configs/validation/vast-chess-4day-production-v9.yaml",
    "topology": {
      "gpu_count": 1,
      "processes_per_gpu": 4,
      "parallel_games_per_process": 512,
      "total_parallel_games": 2048,
      "pin_workers_to_cpus": false,
      "cpus_per_process": 4
    },
    "workload": {
      "generation": 0,
      "warmup_batches": 2,
      "duration_seconds": 30
    },
    "inference_overrides": {
      "precision": "float16",
      "memory_format": "channels_last",
      "cudnn_benchmark": true
    }
  },
  "measurement": {
    "makespan_seconds": 32.189531307667494,
    "searches_completed": 3681205,
    "searches_per_second": 114360.31686249322,
    "completed_games": 18,
    "search_batches": 37
  },
  "inference": {
    "evaluations": 3654266,
    "model_calls": 11521,
    "model_positions": 3654266,
    "average_batch_size": 317.1830570262998
  },
  "resources": {
    "aggregate_process_cpu_percent": 230.12656352560558,
    "summed_peak_rss_mib": 6173.5078125
  },
  "workers": [
    {
      "completed_games": 8,
      "cudnn_benchmark": true,
      "device_id": 0,
      "elapsed_seconds": 32.189531307667494,
      "experiment_configuration_sha256": "e742bf07260b3328fda4e80d28532bc016e2337e357753897eabe4e69df4c163",
      "game": "chess",
      "inference_average_batch_size": 316.9347895920334,
      "inference_batch_size": 320,
      "inference_batch_size_distribution": [
        {
          "batch_size": 1,
          "calls": 4
        },
        {
          "batch_size": 2,
          "calls": 6
        },
        {
          "batch_size": 3,
          "calls": 2
        },
        {
          "batch_size": 4,
          "calls": 2
        },
        {
          "batch_size": 6,
          "calls": 1
        },
        {
          "batch_size": 7,
          "calls": 2
        },
        {
          "batch_size": 14,
          "calls": 1
        },
        {
          "batch_size": 16,
          "calls": 1
        },
        {
          "batch_size": 23,
          "calls": 1
        },
        {
          "batch_size": 27,
          "calls": 1
        },
        {
          "batch_size": 28,
          "calls": 1
        },
        {
          "batch_size": 37,
          "calls": 1
        },
        {
          "batch_size": 49,
          "calls": 1
        },
        {
          "batch_size": 59,
          "calls": 1
        },
        {
          "batch_size": 83,
          "calls": 1
        },
        {
          "batch_size": 88,
          "calls": 1
        },
        {
          "batch_size": 103,
          "calls": 1
        },
        {
          "batch_size": 141,
          "calls": 1
        },
        {
          "batch_size": 176,
          "calls": 1
        },
        {
          "batch_size": 178,
          "calls": 1
        },
        {
          "batch_size": 192,
          "calls": 1
        },
        {
          "batch_size": 207,
          "calls": 1
        },
        {
          "batch_size": 224,
          "calls": 2
        },
        {
          "batch_size": 249,
          "calls": 1
        },
        {
          "batch_size": 252,
          "calls": 1
        },
        {
          "batch_size": 265,
          "calls": 1
        },
        {
          "batch_size": 269,
          "calls": 1
        },
        {
          "batch_size": 304,
          "calls": 1
        },
        {
          "batch_size": 320,
          "calls": 3073
        }
      ],
      "inference_device": "cuda",
      "inference_evaluations": 986618,
      "inference_model_calls": 3113,
      "inference_model_positions": 986618,
      "inference_workers": 1,
      "memory_format": "channels_last",
      "model_generation": 0,
      "outstanding_batches_per_worker": 2,
      "parallel_games": 512,
      "parallel_searches": 2,
      "peak_rss_mib": 1545.0078125,
      "precision": "float16",
      "process_cpu_percent": 58.39492221349174,
      "process_id": 12222,
      "search_batches": 10,
      "searches_completed": 994801,
      "searches_per_second": 30904.488496328,
      "warmup_batches": 2,
      "worker_id": 0
    },
    {
      "completed_games": 4,
      "cudnn_benchmark": true,
      "device_id": 0,
      "elapsed_seconds": 31.69974617753178,
      "experiment_configuration_sha256": "e742bf07260b3328fda4e80d28532bc016e2337e357753897eabe4e69df4c163",
      "game": "chess",
      "inference_average_batch_size": 317.2831669044223,
      "inference_batch_size": 320,
      "inference_batch_size_distribution": [
        {
          "batch_size": 1,
          "calls": 4
        },
        {
          "batch_size": 2,
          "calls": 4
        },
        {
          "batch_size": 3,
          "calls": 2
        },
        {
          "batch_size": 4,
          "calls": 1
        },
        {
          "batch_size": 6,
          "calls": 1
        },
        {
          "batch_size": 13,
          "calls": 1
        },
        {
          "batch_size": 23,
          "calls": 1
        },
        {
          "batch_size": 28,
          "calls": 1
        },
        {
          "batch_size": 29,
          "calls": 1
        },
        {
          "batch_size": 32,
          "calls": 1
        },
        {
          "batch_size": 36,
          "calls": 1
        },
        {
          "batch_size": 42,
          "calls": 1
        },
        {
          "batch_size": 83,
          "calls": 1
        },
        {
          "batch_size": 93,
          "calls": 1
        },
        {
          "batch_size": 108,
          "calls": 1
        },
        {
          "batch_size": 128,
          "calls": 1
        },
        {
          "batch_size": 149,
          "calls": 1
        },
        {
          "batch_size": 155,
          "calls": 1
        },
        {
          "batch_size": 171,
          "calls": 1
        },
        {
          "batch_size": 180,
          "calls": 1
        },
        {
          "batch_size": 240,
          "calls": 1
        },
        {
          "batch_size": 244,
          "calls": 1
        },
        {
          "batch_size": 255,
          "calls": 1
        },
        {
          "batch_size": 289,
          "calls": 1
        },
        {
          "batch_size": 311,
          "calls": 1
        },
        {
          "batch_size": 312,
          "calls": 1
        },
        {
          "batch_size": 313,
          "calls": 1
        },
        {
          "batch_size": 320,
          "calls": 2770
        }
      ],
      "inference_device": "cuda",
      "inference_evaluations": 889662,
      "inference_model_calls": 2804,
      "inference_model_positions": 889662,
      "inference_workers": 1,
      "memory_format": "channels_last",
      "model_generation": 0,
      "outstanding_batches_per_worker": 2,
      "parallel_games": 512,
      "parallel_searches": 2,
      "peak_rss_mib": 1545.15234375,
      "precision": "float16",
      "process_cpu_percent": 56.063470778187074,
      "process_id": 12223,
      "search_batches": 9,
      "searches_completed": 895215,
      "searches_per_second": 28240.44694195415,
      "warmup_batches": 2,
      "worker_id": 1
    },
    {
      "completed_games": 4,
      "cudnn_benchmark": true,
      "device_id": 0,
      "elapsed_seconds": 31.212628001347184,
      "experiment_configuration_sha256": "e742bf07260b3328fda4e80d28532bc016e2337e357753897eabe4e69df4c163",
      "game": "chess",
      "inference_average_batch_size": 317.1640513552068,
      "inference_batch_size": 320,
      "inference_batch_size_distribution": [
        {
          "batch_size": 1,
          "calls": 8
        },
        {
          "batch_size": 2,
          "calls": 2
        },
        {
          "batch_size": 3,
          "calls": 1
        },
        {
          "batch_size": 6,
          "calls": 1
        },
        {
          "batch_size": 7,
          "calls": 1
        },
        {
          "batch_size": 8,
          "calls": 2
        },
        {
          "batch_size": 14,
          "calls": 1
        },
        {
          "batch_size": 15,
          "calls": 1
        },
        {
          "batch_size": 34,
          "calls": 1
        },
        {
          "batch_size": 41,
          "calls": 1
        },
        {
          "batch_size": 67,
          "calls": 1
        },
        {
          "batch_size": 88,
          "calls": 1
        },
        {
          "batch_size": 99,
          "calls": 1
        },
        {
          "batch_size": 110,
          "calls": 1
        },
        {
          "batch_size": 117,
          "calls": 1
        },
        {
          "batch_size": 143,
          "calls": 1
        },
        {
          "batch_size": 149,
          "calls": 1
        },
        {
          "batch_size": 156,
          "calls": 1
        },
        {
          "batch_size": 216,
          "calls": 1
        },
        {
          "batch_size": 249,
          "calls": 1
        },
        {
          "batch_size": 261,
          "calls": 1
        },
        {
          "batch_size": 262,
          "calls": 1
        },
        {
          "batch_size": 291,
          "calls": 1
        },
        {
          "batch_size": 296,
          "calls": 1
        },
        {
          "batch_size": 297,
          "calls": 1
        },
        {
          "batch_size": 299,
          "calls": 1
        },
        {
          "batch_size": 320,
          "calls": 2769
        }
      ],
      "inference_device": "cuda",
      "inference_evaluations": 889328,
      "inference_model_calls": 2804,
      "inference_model_positions": 889328,
      "inference_workers": 1,
      "memory_format": "channels_last",
      "model_generation": 0,
      "outstanding_batches_per_worker": 2,
      "parallel_games": 512,
      "parallel_searches": 2,
      "peak_rss_mib": 1539.83203125,
      "precision": "float16",
      "process_cpu_percent": 55.7572108963361,
      "process_id": 12224,
      "search_batches": 9,
      "searches_completed": 895458,
      "searches_per_second": 28688.96524705804,
      "warmup_batches": 2,
      "worker_id": 2
    },
    {
      "completed_games": 2,
      "cudnn_benchmark": true,
      "device_id": 0,
      "elapsed_seconds": 31.6392624899745,
      "experiment_configuration_sha256": "e742bf07260b3328fda4e80d28532bc016e2337e357753897eabe4e69df4c163",
      "game": "chess",
      "inference_average_batch_size": 317.3778571428571,
      "inference_batch_size": 320,
      "inference_batch_size_distribution": [
        {
          "batch_size": 1,
          "calls": 7
        },
        {
          "batch_size": 3,
          "calls": 1
        },
        {
          "batch_size": 4,
          "calls": 1
        },
        {
          "batch_size": 5,
          "calls": 1
        },
        {
          "batch_size": 7,
          "calls": 1
        },
        {
          "batch_size": 11,
          "calls": 1
        },
        {
          "batch_size": 14,
          "calls": 1
        },
        {
          "batch_size": 18,
          "calls": 1
        },
        {
          "batch_size": 21,
          "calls": 1
        },
        {
          "batch_size": 31,
          "calls": 1
        },
        {
          "batch_size": 53,
          "calls": 1
        },
        {
          "batch_size": 65,
          "calls": 1
        },
        {
          "batch_size": 70,
          "calls": 1
        },
        {
          "batch_size": 75,
          "calls": 1
        },
        {
          "batch_size": 101,
          "calls": 1
        },
        {
          "batch_size": 112,
          "calls": 1
        },
        {
          "batch_size": 127,
          "calls": 1
        },
        {
          "batch_size": 153,
          "calls": 1
        },
        {
          "batch_size": 196,
          "calls": 1
        },
        {
          "batch_size": 209,
          "calls": 1
        },
        {
          "batch_size": 238,
          "calls": 1
        },
        {
          "batch_size": 245,
          "calls": 1
        },
        {
          "batch_size": 249,
          "calls": 1
        },
        {
          "batch_size": 276,
          "calls": 1
        },
        {
          "batch_size": 297,
          "calls": 1
        },
        {
          "batch_size": 311,
          "calls": 1
        },
        {
          "batch_size": 320,
          "calls": 2768
        }
      ],
      "inference_device": "cuda",
      "inference_evaluations": 888658,
      "inference_model_calls": 2800,
      "inference_model_positions": 888658,
      "inference_workers": 1,
      "memory_format": "channels_last",
      "model_generation": 0,
      "outstanding_batches_per_worker": 2,
      "parallel_games": 512,
      "parallel_searches": 2,
      "peak_rss_mib": 1543.515625,
      "precision": "float16",
      "process_cpu_percent": 59.910959637590686,
      "process_id": 12225,
      "search_batches": 9,
      "searches_completed": 895731,
      "searches_per_second": 28310.742081419547,
      "warmup_batches": 2,
      "worker_id": 3
    }
  ]
}
/workspace/benchmark-results/selfplay-fp16-cl-bench-r3/self-play-search-chess-gpus1-processes4-games512-30s-20260827T180153Z
{
  "manifest": {
    "timestamp_utc": "20260827T180336Z",
    "source_revision": "b20deeb5a44698ca3aee25fbcc44f9e9a74ba08f",
    "game": "chess",
    "model": {
      "path": "/workspace/benchmark-inputs/v9-zero-12x128.jit.pt",
      "sha256": "dc555d1b09bffc7f6489c6bdc4cfcdfb4c3e55040c5fd3747be27dbc0937e214"
    },
    "run_config": "/workspace/alphazero-engine/py/configs/validation/vast-chess-4day-production-v9.yaml",
    "topology": {
      "gpu_count": 1,
      "processes_per_gpu": 4,
      "parallel_games_per_process": 512,
      "total_parallel_games": 2048,
      "pin_workers_to_cpus": false,
      "cpus_per_process": 4
    },
    "workload": {
      "generation": 0,
      "warmup_batches": 2,
      "duration_seconds": 30
    },
    "inference_overrides": {
      "precision": "float16",
      "memory_format": "channels_last",
      "cudnn_benchmark": true
    }
  },
  "measurement": {
    "makespan_seconds": 32.69925186596811,
    "searches_completed": 3681791,
    "searches_per_second": 112595.57298409754,
    "completed_games": 17,
    "search_batches": 37
  },
  "inference": {
    "evaluations": 3656227,
    "model_calls": 11529,
    "model_positions": 3656227,
    "average_batch_size": 317.13305577240004
  },
  "resources": {
    "aggregate_process_cpu_percent": 229.30795241294257,
    "summed_peak_rss_mib": 6173.5625
  },
  "workers": [
    {
      "completed_games": 3,
      "cudnn_benchmark": true,
      "device_id": 0,
      "elapsed_seconds": 32.576098343357444,
      "experiment_configuration_sha256": "e742bf07260b3328fda4e80d28532bc016e2337e357753897eabe4e69df4c163",
      "game": "chess",
      "inference_average_batch_size": 317.23074179743224,
      "inference_batch_size": 320,
      "inference_batch_size_distribution": [
        {
          "batch_size": 1,
          "calls": 6
        },
        {
          "batch_size": 2,
          "calls": 2
        },
        {
          "batch_size": 3,
          "calls": 1
        },
        {
          "batch_size": 5,
          "calls": 1
        },
        {
          "batch_size": 6,
          "calls": 3
        },
        {
          "batch_size": 11,
          "calls": 1
        },
        {
          "batch_size": 16,
          "calls": 1
        },
        {
          "batch_size": 33,
          "calls": 1
        },
        {
          "batch_size": 44,
          "calls": 1
        },
        {
          "batch_size": 51,
          "calls": 1
        },
        {
          "batch_size": 57,
          "calls": 1
        },
        {
          "batch_size": 65,
          "calls": 1
        },
        {
          "batch_size": 68,
          "calls": 1
        },
        {
          "batch_size": 100,
          "calls": 2
        },
        {
          "batch_size": 128,
          "calls": 1
        },
        {
          "batch_size": 143,
          "calls": 1
        },
        {
          "batch_size": 183,
          "calls": 1
        },
        {
          "batch_size": 209,
          "calls": 1
        },
        {
          "batch_size": 215,
          "calls": 1
        },
        {
          "batch_size": 247,
          "calls": 1
        },
        {
          "batch_size": 249,
          "calls": 1
        },
        {
          "batch_size": 253,
          "calls": 1
        },
        {
          "batch_size": 285,
          "calls": 1
        },
        {
          "batch_size": 303,
          "calls": 1
        },
        {
          "batch_size": 319,
          "calls": 1
        },
        {
          "batch_size": 320,
          "calls": 2770
        }
      ],
      "inference_device": "cuda",
      "inference_evaluations": 889515,
      "inference_model_calls": 2804,
      "inference_model_positions": 889515,
      "inference_workers": 1,
      "memory_format": "channels_last",
      "model_generation": 0,
      "outstanding_batches_per_worker": 2,
      "parallel_games": 512,
      "parallel_searches": 2,
      "peak_rss_mib": 1543.08984375,
      "precision": "float16",
      "process_cpu_percent": 58.87964328886891,
      "process_id": 13151,
      "search_batches": 9,
      "searches_completed": 895638,
      "searches_per_second": 27493.71611541161,
      "warmup_batches": 2,
      "worker_id": 0
    },
    {
      "completed_games": 7,
      "cudnn_benchmark": true,
      "device_id": 0,
      "elapsed_seconds": 32.59976895432919,
      "experiment_configuration_sha256": "e742bf07260b3328fda4e80d28532bc016e2337e357753897eabe4e69df4c163",
      "game": "chess",
      "inference_average_batch_size": 316.845577746077,
      "inference_batch_size": 320,
      "inference_batch_size_distribution": [
        {
          "batch_size": 1,
          "calls": 7
        },
        {
          "batch_size": 2,
          "calls": 3
        },
        {
          "batch_size": 3,
          "calls": 2
        },
        {
          "batch_size": 4,
          "calls": 1
        },
        {
          "batch_size": 5,
          "calls": 1
        },
        {
          "batch_size": 6,
          "calls": 2
        },
        {
          "batch_size": 15,
          "calls": 2
        },
        {
          "batch_size": 23,
          "calls": 2
        },
        {
          "batch_size": 28,
          "calls": 1
        },
        {
          "batch_size": 48,
          "calls": 1
        },
        {
          "batch_size": 55,
          "calls": 1
        },
        {
          "batch_size": 61,
          "calls": 1
        },
        {
          "batch_size": 82,
          "calls": 1
        },
        {
          "batch_size": 123,
          "calls": 1
        },
        {
          "batch_size": 143,
          "calls": 1
        },
        {
          "batch_size": 144,
          "calls": 1
        },
        {
          "batch_size": 170,
          "calls": 1
        },
        {
          "batch_size": 190,
          "calls": 1
        },
        {
          "batch_size": 213,
          "calls": 1
        },
        {
          "batch_size": 219,
          "calls": 1
        },
        {
          "batch_size": 254,
          "calls": 1
        },
        {
          "batch_size": 269,
          "calls": 1
        },
        {
          "batch_size": 284,
          "calls": 1
        },
        {
          "batch_size": 292,
          "calls": 1
        },
        {
          "batch_size": 308,
          "calls": 1
        },
        {
          "batch_size": 316,
          "calls": 1
        },
        {
          "batch_size": 320,
          "calls": 2766
        }
      ],
      "inference_device": "cuda",
      "inference_evaluations": 888435,
      "inference_model_calls": 2804,
      "inference_model_positions": 888435,
      "inference_workers": 1,
      "memory_format": "channels_last",
      "model_generation": 0,
      "outstanding_batches_per_worker": 2,
      "parallel_games": 512,
      "parallel_searches": 2,
      "peak_rss_mib": 1539.6015625,
      "precision": "float16",
      "process_cpu_percent": 58.68264659728367,
      "process_id": 13152,
      "search_batches": 9,
      "searches_completed": 895219,
      "searches_per_second": 27460.900144849536,
      "warmup_batches": 2,
      "worker_id": 1
    },
    {
      "completed_games": 3,
      "cudnn_benchmark": true,
      "device_id": 0,
      "elapsed_seconds": 32.69925186596811,
      "experiment_configuration_sha256": "e742bf07260b3328fda4e80d28532bc016e2337e357753897eabe4e69df4c163",
      "game": "chess",
      "inference_average_batch_size": 317.29066410009625,
      "inference_batch_size": 320,
      "inference_batch_size_distribution": [
        {
          "batch_size": 1,
          "calls": 6
        },
        {
          "batch_size": 2,
          "calls": 4
        },
        {
          "batch_size": 4,
          "calls": 1
        },
        {
          "batch_size": 5,
          "calls": 1
        },
        {
          "batch_size": 8,
          "calls": 2
        },
        {
          "batch_size": 13,
          "calls": 1
        },
        {
          "batch_size": 19,
          "calls": 1
        },
        {
          "batch_size": 20,
          "calls": 1
        },
        {
          "batch_size": 34,
          "calls": 1
        },
        {
          "batch_size": 41,
          "calls": 1
        },
        {
          "batch_size": 69,
          "calls": 1
        },
        {
          "batch_size": 76,
          "calls": 1
        },
        {
          "batch_size": 83,
          "calls": 1
        },
        {
          "batch_size": 91,
          "calls": 1
        },
        {
          "batch_size": 93,
          "calls": 1
        },
        {
          "batch_size": 100,
          "calls": 1
        },
        {
          "batch_size": 105,
          "calls": 1
        },
        {
          "batch_size": 122,
          "calls": 1
        },
        {
          "batch_size": 210,
          "calls": 1
        },
        {
          "batch_size": 215,
          "calls": 1
        },
        {
          "batch_size": 230,
          "calls": 1
        },
        {
          "batch_size": 236,
          "calls": 1
        },
        {
          "batch_size": 243,
          "calls": 1
        },
        {
          "batch_size": 244,
          "calls": 1
        },
        {
          "batch_size": 251,
          "calls": 1
        },
        {
          "batch_size": 264,
          "calls": 1
        },
        {
          "batch_size": 280,
          "calls": 1
        },
        {
          "batch_size": 317,
          "calls": 1
        },
        {
          "batch_size": 320,
          "calls": 3080
        }
      ],
      "inference_device": "cuda",
      "inference_evaluations": 988995,
      "inference_model_calls": 3117,
      "inference_model_positions": 988995,
      "inference_workers": 1,
      "memory_format": "channels_last",
      "model_generation": 0,
      "outstanding_batches_per_worker": 2,
      "parallel_games": 512,
      "parallel_searches": 2,
      "peak_rss_mib": 1547.54296875,
      "precision": "float16",
      "process_cpu_percent": 56.957787118009925,
      "process_id": 13153,
      "search_batches": 10,
      "searches_completed": 995218,
      "searches_per_second": 30435.497548363714,
      "warmup_batches": 2,
      "worker_id": 2
    },
    {
      "completed_games": 4,
      "cudnn_benchmark": true,
      "device_id": 0,
      "elapsed_seconds": 32.01953381858766,
      "experiment_configuration_sha256": "e742bf07260b3328fda4e80d28532bc016e2337e357753897eabe4e69df4c163",
      "game": "chess",
      "inference_average_batch_size": 317.1476462196862,
      "inference_batch_size": 320,
      "inference_batch_size_distribution": [
        {
          "batch_size": 1,
          "calls": 5
        },
        {
          "batch_size": 2,
          "calls": 5
        },
        {
          "batch_size": 3,
          "calls": 1
        },
        {
          "batch_size": 6,
          "calls": 1
        },
        {
          "batch_size": 8,
          "calls": 1
        },
        {
          "batch_size": 12,
          "calls": 1
        },
        {
          "batch_size": 14,
          "calls": 1
        },
        {
          "batch_size": 19,
          "calls": 1
        },
        {
          "batch_size": 27,
          "calls": 1
        },
        {
          "batch_size": 32,
          "calls": 1
        },
        {
          "batch_size": 43,
          "calls": 1
        },
        {
          "batch_size": 73,
          "calls": 1
        },
        {
          "batch_size": 82,
          "calls": 1
        },
        {
          "batch_size": 101,
          "calls": 1
        },
        {
          "batch_size": 104,
          "calls": 1
        },
        {
          "batch_size": 108,
          "calls": 1
        },
        {
          "batch_size": 141,
          "calls": 1
        },
        {
          "batch_size": 169,
          "calls": 1
        },
        {
          "batch_size": 193,
          "calls": 1
        },
        {
          "batch_size": 196,
          "calls": 1
        },
        {
          "batch_size": 215,
          "calls": 1
        },
        {
          "batch_size": 249,
          "calls": 1
        },
        {
          "batch_size": 254,
          "calls": 1
        },
        {
          "batch_size": 258,
          "calls": 1
        },
        {
          "batch_size": 288,
          "calls": 1
        },
        {
          "batch_size": 294,
          "calls": 1
        },
        {
          "batch_size": 298,
          "calls": 1
        },
        {
          "batch_size": 320,
          "calls": 2769
        }
      ],
      "inference_device": "cuda",
      "inference_evaluations": 889282,
      "inference_model_calls": 2804,
      "inference_model_positions": 889282,
      "inference_workers": 1,
      "memory_format": "channels_last",
      "model_generation": 0,
      "outstanding_batches_per_worker": 2,
      "parallel_games": 512,
      "parallel_searches": 2,
      "peak_rss_mib": 1543.328125,
      "precision": "float16",
      "process_cpu_percent": 54.78787540878005,
      "process_id": 13154,
      "search_batches": 9,
      "searches_completed": 895716,
      "searches_per_second": 27974.04875020472,
      "warmup_batches": 2,
      "worker_id": 3
    }
  ]
}
/workspace/benchmark-results/selfplay-fp16-cl-bench-r3/self-play-search-chess-gpus1-processes4-games512-30s-20260827T180336Z
{
  "manifest": {
    "timestamp_utc": "20260827T180520Z",
    "source_revision": "b20deeb5a44698ca3aee25fbcc44f9e9a74ba08f",
    "game": "chess",
    "model": {
      "path": "/workspace/benchmark-inputs/v9-zero-12x128.jit.pt",
      "sha256": "dc555d1b09bffc7f6489c6bdc4cfcdfb4c3e55040c5fd3747be27dbc0937e214"
    },
    "run_config": "/workspace/alphazero-engine/py/configs/validation/vast-chess-4day-production-v9.yaml",
    "topology": {
      "gpu_count": 1,
      "processes_per_gpu": 4,
      "parallel_games_per_process": 512,
      "total_parallel_games": 2048,
      "pin_workers_to_cpus": false,
      "cpus_per_process": 4
    },
    "workload": {
      "generation": 0,
      "warmup_batches": 2,
      "duration_seconds": 30
    },
    "inference_overrides": {
      "precision": "float16",
      "memory_format": "channels_last",
      "cudnn_benchmark": true
    }
  },
  "measurement": {
    "makespan_seconds": 32.09157257154584,
    "searches_completed": 3681204,
    "searches_per_second": 114709.36775669132,
    "completed_games": 20,
    "search_batches": 37
  },
  "inference": {
    "evaluations": 3654138,
    "model_calls": 11533,
    "model_positions": 3654138,
    "average_batch_size": 316.84193184774125
  },
  "resources": {
    "aggregate_process_cpu_percent": 236.7074352911747,
    "summed_peak_rss_mib": 6178.3046875
  },
  "workers": [
    {
      "completed_games": 4,
      "cudnn_benchmark": true,
      "device_id": 0,
      "elapsed_seconds": 31.739564951509237,
      "experiment_configuration_sha256": "e742bf07260b3328fda4e80d28532bc016e2337e357753897eabe4e69df4c163",
      "game": "chess",
      "inference_average_batch_size": 317.11915804495186,
      "inference_batch_size": 320,
      "inference_batch_size_distribution": [
        {
          "batch_size": 1,
          "calls": 5
        },
        {
          "batch_size": 2,
          "calls": 4
        },
        {
          "batch_size": 4,
          "calls": 2
        },
        {
          "batch_size": 5,
          "calls": 1
        },
        {
          "batch_size": 7,
          "calls": 1
        },
        {
          "batch_size": 9,
          "calls": 1
        },
        {
          "batch_size": 13,
          "calls": 1
        },
        {
          "batch_size": 28,
          "calls": 1
        },
        {
          "batch_size": 34,
          "calls": 1
        },
        {
          "batch_size": 40,
          "calls": 1
        },
        {
          "batch_size": 41,
          "calls": 1
        },
        {
          "batch_size": 50,
          "calls": 1
        },
        {
          "batch_size": 68,
          "calls": 1
        },
        {
          "batch_size": 78,
          "calls": 1
        },
        {
          "batch_size": 85,
          "calls": 1
        },
        {
          "batch_size": 98,
          "calls": 1
        },
        {
          "batch_size": 165,
          "calls": 1
        },
        {
          "batch_size": 169,
          "calls": 1
        },
        {
          "batch_size": 180,
          "calls": 1
        },
        {
          "batch_size": 208,
          "calls": 1
        },
        {
          "batch_size": 220,
          "calls": 1
        },
        {
          "batch_size": 221,
          "calls": 1
        },
        {
          "batch_size": 244,
          "calls": 1
        },
        {
          "batch_size": 248,
          "calls": 1
        },
        {
          "batch_size": 283,
          "calls": 1
        },
        {
          "batch_size": 292,
          "calls": 1
        },
        {
          "batch_size": 318,
          "calls": 1
        },
        {
          "batch_size": 320,
          "calls": 2768
        }
      ],
      "inference_device": "cuda",
      "inference_evaluations": 888885,
      "inference_model_calls": 2803,
      "inference_model_positions": 888885,
      "inference_workers": 1,
      "memory_format": "channels_last",
      "model_generation": 0,
      "outstanding_batches_per_worker": 2,
      "parallel_games": 512,
      "parallel_searches": 2,
      "peak_rss_mib": 1543.0390625,
      "precision": "float16",
      "process_cpu_percent": 61.440790051133696,
      "process_id": 14005,
      "search_batches": 9,
      "searches_completed": 895368,
      "searches_per_second": 28209.838457707803,
      "warmup_batches": 2,
      "worker_id": 0
    },
    {
      "completed_games": 6,
      "cudnn_benchmark": true,
      "device_id": 0,
      "elapsed_seconds": 32.09157257154584,
      "experiment_configuration_sha256": "e742bf07260b3328fda4e80d28532bc016e2337e357753897eabe4e69df4c163",
      "game": "chess",
      "inference_average_batch_size": 317.22293607452616,
      "inference_batch_size": 320,
      "inference_batch_size_distribution": [
        {
          "batch_size": 1,
          "calls": 3
        },
        {
          "batch_size": 2,
          "calls": 6
        },
        {
          "batch_size": 3,
          "calls": 1
        },
        {
          "batch_size": 4,
          "calls": 2
        },
        {
          "batch_size": 5,
          "calls": 1
        },
        {
          "batch_size": 6,
          "calls": 2
        },
        {
          "batch_size": 11,
          "calls": 1
        },
        {
          "batch_size": 12,
          "calls": 1
        },
        {
          "batch_size": 21,
          "calls": 1
        },
        {
          "batch_size": 22,
          "calls": 1
        },
        {
          "batch_size": 37,
          "calls": 1
        },
        {
          "batch_size": 45,
          "calls": 1
        },
        {
          "batch_size": 59,
          "calls": 1
        },
        {
          "batch_size": 85,
          "calls": 1
        },
        {
          "batch_size": 92,
          "calls": 1
        },
        {
          "batch_size": 94,
          "calls": 1
        },
        {
          "batch_size": 96,
          "calls": 1
        },
        {
          "batch_size": 156,
          "calls": 1
        },
        {
          "batch_size": 164,
          "calls": 1
        },
        {
          "batch_size": 185,
          "calls": 1
        },
        {
          "batch_size": 194,
          "calls": 1
        },
        {
          "batch_size": 212,
          "calls": 1
        },
        {
          "batch_size": 253,
          "calls": 1
        },
        {
          "batch_size": 274,
          "calls": 1
        },
        {
          "batch_size": 276,
          "calls": 1
        },
        {
          "batch_size": 280,
          "calls": 1
        },
        {
          "batch_size": 283,
          "calls": 1
        },
        {
          "batch_size": 304,
          "calls": 1
        },
        {
          "batch_size": 317,
          "calls": 1
        },
        {
          "batch_size": 320,
          "calls": 3075
        }
      ],
      "inference_device": "cuda",
      "inference_evaluations": 987515,
      "inference_model_calls": 3113,
      "inference_model_positions": 987515,
      "inference_workers": 1,
      "memory_format": "channels_last",
      "model_generation": 0,
      "outstanding_batches_per_worker": 2,
      "parallel_games": 512,
      "parallel_searches": 2,
      "peak_rss_mib": 1548.890625,
      "precision": "float16",
      "process_cpu_percent": 58.8963029058864,
      "process_id": 14006,
      "search_batches": 10,
      "searches_completed": 994544,
      "searches_per_second": 30990.81535449022,
      "warmup_batches": 2,
      "worker_id": 1
    },
    {
      "completed_games": 6,
      "cudnn_benchmark": true,
      "device_id": 0,
      "elapsed_seconds": 31.66990123037249,
      "experiment_configuration_sha256": "e742bf07260b3328fda4e80d28532bc016e2337e357753897eabe4e69df4c163",
      "game": "chess",
      "inference_average_batch_size": 316.4818505338078,
      "inference_batch_size": 320,
      "inference_batch_size_distribution": [
        {
          "batch_size": 1,
          "calls": 13
        },
        {
          "batch_size": 2,
          "calls": 2
        },
        {
          "batch_size": 3,
          "calls": 1
        },
        {
          "batch_size": 6,
          "calls": 1
        },
        {
          "batch_size": 9,
          "calls": 2
        },
        {
          "batch_size": 11,
          "calls": 1
        },
        {
          "batch_size": 14,
          "calls": 1
        },
        {
          "batch_size": 17,
          "calls": 1
        },
        {
          "batch_size": 18,
          "calls": 1
        },
        {
          "batch_size": 19,
          "calls": 1
        },
        {
          "batch_size": 28,
          "calls": 1
        },
        {
          "batch_size": 67,
          "calls": 1
        },
        {
          "batch_size": 83,
          "calls": 1
        },
        {
          "batch_size": 97,
          "calls": 1
        },
        {
          "batch_size": 101,
          "calls": 1
        },
        {
          "batch_size": 125,
          "calls": 1
        },
        {
          "batch_size": 131,
          "calls": 1
        },
        {
          "batch_size": 181,
          "calls": 1
        },
        {
          "batch_size": 183,
          "calls": 1
        },
        {
          "batch_size": 191,
          "calls": 1
        },
        {
          "batch_size": 225,
          "calls": 1
        },
        {
          "batch_size": 244,
          "calls": 1
        },
        {
          "batch_size": 247,
          "calls": 1
        },
        {
          "batch_size": 268,
          "calls": 1
        },
        {
          "batch_size": 300,
          "calls": 1
        },
        {
          "batch_size": 320,
          "calls": 2771
        }
      ],
      "inference_device": "cuda",
      "inference_evaluations": 889314,
      "inference_model_calls": 2810,
      "inference_model_positions": 889314,
      "inference_workers": 1,
      "memory_format": "channels_last",
      "model_generation": 0,
      "outstanding_batches_per_worker": 2,
      "parallel_games": 512,
      "parallel_searches": 2,
      "peak_rss_mib": 1543.9296875,
      "precision": "float16",
      "process_cpu_percent": 59.996048556595156,
      "process_id": 14007,
      "search_batches": 9,
      "searches_completed": 896194,
      "searches_per_second": 28297.972686461053,
      "warmup_batches": 2,
      "worker_id": 2
    },
    {
      "completed_games": 4,
      "cudnn_benchmark": true,
      "device_id": 0,
      "elapsed_seconds": 30.874814907088876,
      "experiment_configuration_sha256": "e742bf07260b3328fda4e80d28532bc016e2337e357753897eabe4e69df4c163",
      "game": "chess",
      "inference_average_batch_size": 316.5030281439259,
      "inference_batch_size": 320,
      "inference_batch_size_distribution": [
        {
          "batch_size": 1,
          "calls": 11
        },
        {
          "batch_size": 2,
          "calls": 3
        },
        {
          "batch_size": 3,
          "calls": 1
        },
        {
          "batch_size": 4,
          "calls": 2
        },
        {
          "batch_size": 9,
          "calls": 1
        },
        {
          "batch_size": 11,
          "calls": 2
        },
        {
          "batch_size": 14,
          "calls": 2
        },
        {
          "batch_size": 36,
          "calls": 2
        },
        {
          "batch_size": 51,
          "calls": 1
        },
        {
          "batch_size": 76,
          "calls": 1
        },
        {
          "batch_size": 92,
          "calls": 1
        },
        {
          "batch_size": 93,
          "calls": 1
        },
        {
          "batch_size": 104,
          "calls": 1
        },
        {
          "batch_size": 115,
          "calls": 1
        },
        {
          "batch_size": 142,
          "calls": 1
        },
        {
          "batch_size": 161,
          "calls": 1
        },
        {
          "batch_size": 220,
          "calls": 1
        },
        {
          "batch_size": 230,
          "calls": 1
        },
        {
          "batch_size": 233,
          "calls": 1
        },
        {
          "batch_size": 257,
          "calls": 1
        },
        {
          "batch_size": 263,
          "calls": 1
        },
        {
          "batch_size": 269,
          "calls": 1
        },
        {
          "batch_size": 277,
          "calls": 2
        },
        {
          "batch_size": 285,
          "calls": 1
        },
        {
          "batch_size": 320,
          "calls": 2766
        }
      ],
      "inference_device": "cuda",
      "inference_evaluations": 888424,
      "inference_model_calls": 2807,
      "inference_model_positions": 888424,
      "inference_workers": 1,
      "memory_format": "channels_last",
      "model_generation": 0,
      "outstanding_batches_per_worker": 2,
      "parallel_games": 512,
      "parallel_searches": 2,
      "peak_rss_mib": 1542.4453125,
      "precision": "float16",
      "process_cpu_percent": 56.374293777559444,
      "process_id": 14008,
      "search_batches": 9,
      "searches_completed": 895098,
      "searches_per_second": 28991.202139789508,
      "warmup_batches": 2,
      "worker_id": 3
    }
  ]
}
/workspace/benchmark-results/selfplay-fp16-cl-bench-r3/self-play-search-chess-gpus1-processes4-games512-30s-20260827T180520Z
